// Jest Snapshot v1, https://goo.gl/fbAQLP

exports[`Card matches snapshot when people is selected 1`] = `ShallowWrapper {}`;

exports[`Card matches snapshot when vehicles is selected 1`] = `ShallowWrapper {}`;
